-- Setting unspecified IRODS_EXTERNALS_PACKAGE_ROOT to '/opt/irods-externals'. This is the correct setting for normal builds.
-- The C compiler identification is Clang 16.0.6
-- The CXX compiler identification is Clang 16.0.6
-- Detecting C compiler ABI info
-- Detecting C compiler ABI info - done
-- Check for working C compiler: /opt/irods-externals/clang16.0.6-0/bin/clang - skipped
-- Detecting C compile features
-- Detecting C compile features - done
-- Detecting CXX compiler ABI info
-- Detecting CXX compiler ABI info - done
-- Check for working CXX compiler: /opt/irods-externals/clang16.0.6-0/bin/clang++ - skipped
-- Detecting CXX compile features
-- Detecting CXX compile features - done
-- Performing Test can_use_wwrite_strings_cxx
-- Performing Test can_use_wwrite_strings_cxx - Success
-- Performing Test can_use_wunused_function_c
-- Performing Test can_use_wunused_function_c - Success
-- Performing Test can_use_wunused_function_cxx
-- Performing Test can_use_wunused_function_cxx - Success
-- Performing Test can_use_wunused_parameter_c
-- Performing Test can_use_wunused_parameter_c - Success
-- Performing Test can_use_wunused_parameter_cxx
-- Performing Test can_use_wunused_parameter_cxx - Success
-- Performing Test can_use_wparentheses_c
-- Performing Test can_use_wparentheses_c - Success
-- Performing Test can_use_wparentheses_cxx
-- Performing Test can_use_wparentheses_cxx - Success
-- Performing Test can_use_wignored_qualifiers_cxx
-- Performing Test can_use_wignored_qualifiers_cxx - Success
-- Performing Test can_use_wignored_qualifiers_c
-- Performing Test can_use_wignored_qualifiers_c - Success
-- Performing Test can_use_wunused_variable_c
-- Performing Test can_use_wunused_variable_c - Success
-- Performing Test can_use_wunused_variable_cxx
-- Performing Test can_use_wunused_variable_cxx - Success
-- Performing Test can_use_wunused_but_set_variable_c
-- Performing Test can_use_wunused_but_set_variable_c - Success
-- Performing Test can_use_wunused_but_set_variable_cxx
-- Performing Test can_use_wunused_but_set_variable_cxx - Success
-- Performing Test can_use_wdeprecated_copy_cxx
-- Performing Test can_use_wdeprecated_copy_cxx - Success
-- Performing Test can_use_wtautological_overlap_compare_c
-- Performing Test can_use_wtautological_overlap_compare_c - Success
-- Performing Test can_use_wtautological_overlap_compare_cxx
-- Performing Test can_use_wtautological_overlap_compare_cxx - Success
-- Found nlohmann_json: /usr/share/cmake/nlohmann_json/nlohmann_jsonConfig.cmake (found suitable version "3.11.3", minimum required is "3.6.1") 
-- Performing Test CMAKE_HAVE_LIBC_PTHREAD
-- Performing Test CMAKE_HAVE_LIBC_PTHREAD - Success
-- Found Threads: TRUE  
-- Found LibArchive: /usr/lib/x86_64-linux-gnu/libarchive.so (found suitable version "3.7.2", minimum required is "3.3.1") 
-- Found CURL: /usr/lib/x86_64-linux-gnu/libcurl.so (found version "8.5.0")  
-- Found OpenSSL: /usr/lib/x86_64-linux-gnu/libcrypto.so (found version "3.0.13") found components: Crypto SSL 
-- Could NOT find systemd (missing: SYSTEMD_INCLUDE_DIRS SYSTEMD_LIBRARIES) 
-- Setting unspecified IRODS_LINUX_DISTRIBUTION_NAME to 'ubuntu'
-- Setting unspecified IRODS_LINUX_DISTRIBUTION_VERSION to '24.04'
-- Setting unspecified IRODS_LINUX_DISTRIBUTION_VERSION_CODENAME to 'noble'
-- Setting unspecified CPACK_GENERATOR to DEB. This is the correct setting for normal builds.
-- Found FLEX: /usr/bin/flex (found suitable version "2.6.4", minimum required is "2.6.1") 
-- Found BISON: /usr/bin/bison (found suitable version "3.8.2", minimum required is "3.0.4") 
-- Found pam: /usr/lib/x86_64-linux-gnu/libpam.so
-- Found odbc: /usr/lib/x86_64-linux-gnu/libodbc.so
-- Found Catch2: /usr/lib/cmake/Catch2/Catch2Config.cmake (found suitable version "3.4.0", minimum required is "3.4") 
-- Configuring done (4.0s)
-- Generating done (0.8s)
-- Build files have been written to: /src/irods/build
